// Jest Snapshot v1, https://goo.gl/fbAQLP

exports[`Welcome renders 1`] = `
<div
  className="style-welcome-splash-1HWT5G jumbotron"
>
  <h1>
    <img
      alt="React"
      className="style-react-logo-3uUeWz"
      src="test-file-stub"
    />
    React Starter
  </h1>
  <div
    className="style-get-started-1byyDZ"
  >
    Remove 
    <code>
      components/Welcome
    </code>
     to begin working!
  </div>
</div>
`;
